by Thomas Durante published : 16:17 est , 4 march 2013 updated : 17:40 est , 4 march 2013 Yankees general manager Cashman today broke his leg and dislocated his ankle after a fall - from 12,500 feet in the air 1 
 he will now join several of his players on the disabled list after the misstep while skydiving for charity today 2 
 the incident occurred at the Homestead Air Force Base near Miami , Florida , as Cashman did his second jump with the U.S. Army ’s Golden Knights 2 
 thrill : Cashman broke his fibula and dislocated his ankle during his second skydive attempt with the U.S. Army ¿ s Golden Knights in Miami , Florida one for the money : Cashman suffered the injuries on monday while skydiving at Homestead Air Force Base after a successful jump earlier this morning , Cashman reportedly found the experience so exhilarating that wanted to go up again - a big mistake 1 
 during the landing , his foot became caught in the ground , breaking his right fibula and dislocating the right ankle , the Yankees said 1 
 Cashman told the New York Daily News ' i heard a pop in my ankle ' as he made the landing 2 
 he was scheduled to undergo surgery later today to fix the broken bone 1 
 Cashman took the leap out of the plane to raise awareness about the Wounded Warrior Project 1 
 the YES Network reported that the event was the first times he had attempted skydiving , but despite his injuries , it may not be the last 0 
 broken : Cashman , pictured right with Yankees manager Joe Girardi , will now join some of the players on the disabled list , as he says he requires surgery despite the injury , Cashman texted reporters on the way to the hospital to say that the leap was ' an awesome experience 1 
 ' and Cashman is no stranger to extreme sports to benefit charity , as he has rappelled down the 22 - story Landmark Building in Stamford , Connecticut , during the holidays in the past few years 0 
 his injury comes about two months after it was revealed that he was leading a ' triple life ' - accused of cheating on his wife with multiple women 0 
 Meanwell , the mother of Louise Neathway - one of Cashman 's alleged mistresses - filed an explosive lawsuit in Manhattan Supreme Court in january , accusing Cashman of being a ' manchild ' who conspired to have his ex-lover committed so the affair would never be revealed 0 
 the explosive suit also accuses Cashman of using scare tactics to force Meanwell into helping him , his lawyer and her daughter 's therapist - who are referred to as ' the gang ' - and to turn against Neathway with the sole purpose of discrediting her 0 
 for a good cause : Cashman , pictured third from left , is no stranger to extreme sports to benefit charity , as he has rappelled down the 22 - story Landmark Building in Stamford , Connecticut , in the past few Christmas seasons 0 
